GateMate (c) Place and Route
Version 4.2 (1 January 2025)
All Rights Reserved (c) Cologne Chip AG

Command line Options:
       h:  False
       i: net/blink_synth.v
       o:  blink
     mXA:   True
     mMA:   True
    Cinp:  False
   Coutp:  False
     cdf:   True
     pin:   True
     plc:   True
       s:   True
     cCP:  False
     gCP:  False
      AF:   True
      dC:   True
    uCIO:  False
      pB:       
      sp:  False
     crf:  False
       v:  False
      Gs:      0
      om:      3
      sf:    0.8
      dl:   True
      df:   True
   m_spi:      0
      pr:   True
     cgb:  False
    cgbc:  False
     cgo:      0
      tm:      3
      tp:      0
   s_spi:      0
     ics:  False
     lib:   ccag
     ccf: src/blink.ccf
   arcfg:  False
     app:  False

X_CONVERT Netlist Converter

Library Mode used: CCAG_GateMate

600 Lines read

found components:
        CC_LUT4        13
        CC_LUT3         5
        CC_LUT2         1
        CC_LUT1         1
        CC_ADDF        21
        CC_BUFG         1
         CC_DFF        17
        CC_IBUF         1
        CC_OBUF         1

REMOVE_UNUSED
         0 unused Components removed
REMOVE_BUF_INV
         0 BUF removed
         0 INV removed
REPLACE_LUTS
REPLACE_OTHERS
Number of inserted dummy components 0
16 new components inserted
WRITE_REFCOMP
SAVE_NET

Conversion finished!
ASCII netlist generated: blink_x_convert.prn
Time (s):       0.079

Read blink.net

MAPPER started

Map Adder
3 Adder chains mapped

During map of 0 CPEs 0 gates deleted!

9 CPEs replaced by double bit CPEs

Number of Combined CPEs:    16

PLACER started

FanOut statistics:
FO:      1 count:     30   60.0 %      connect count:     30   26.8 %  cumulated:     30   26.8 %
FO:      2 count:     13   26.0 %      connect count:     26   23.2 %  cumulated:     56   50.0 %
FO:      3 count:      1    2.0 %      connect count:      3    2.7 %  cumulated:     59   52.7 %
FO:      4 count:      1    2.0 %      connect count:      4    3.6 %  cumulated:     63   56.3 %
FO:      6 count:      1    2.0 %      connect count:      6    5.4 %  cumulated:     69   61.6 %
FO:      8 count:      1    2.0 %      connect count:      8    7.1 %  cumulated:     77   68.8 %
FO:     11 count:      2    4.0 %      connect count:     22   19.6 %  cumulated:     99   88.4 %
FO:     13 count:      1    2.0 %      connect count:     13   11.6 %  cumulated:    112  100.0 %
Number of Outputs:    50
Average FanOut:     2.24

FanIn statistics:
FI:      1 count:      4   12.9 %      connect count:      4    3.6 %  cumulated:      4    3.6 %
FI:      2 count:      4   12.9 %      connect count:      8    7.1 %  cumulated:     12   10.7 %
FI:      3 count:      9   29.0 %      connect count:     27   24.1 %  cumulated:     39   34.8 %
FI:      4 count:      8   25.8 %      connect count:     32   28.6 %  cumulated:     71   63.4 %
FI:      6 count:      1    3.2 %      connect count:      6    5.4 %  cumulated:     77   68.8 %
FI:      7 count:      5   16.1 %      connect count:     35   31.3 %  cumulated:    112  100.0 %
Number of Inputs:    31
Average FanIn:     3.61

Pins are placed from src/blink.ccf file
WARNING: IO signal name in CCF file "tx_active" not found
WARNING: IO signal name in CCF file "rx" not found
WARNING: IO signal name in CCF file "rx_debug" not found

Centerpoint:  x: 68.67 y: 119.33

Centerpoint:  x: 68.67 y: 119.33


Time (s):       0.120

Netlength (initial): 521.47

Quadratisches Placement: TRUE
    1  Netlength: 143.29   diff(%): 0.00000   0
    2  Netlength: 96.97   diff(%): 47.76650   1
    3  Netlength: 79.49   diff(%): 21.99541   1
    4  Netlength: 66.82   diff(%): 18.95944   1
    5  Netlength: 56.35   diff(%): 18.58567   1
    6  Netlength: 47.54   diff(%): 18.53860   1
    7  Netlength: 40.10   diff(%): 18.53268   1
    8  Netlength: 33.83   diff(%): 18.53193   1
    9  Netlength: 28.54   diff(%): 18.53184   1
   10  Netlength: 24.08   diff(%): 18.53183   1
   11  Netlength: 20.32   diff(%): 18.53183   1
   12  Netlength: 17.14   diff(%): 18.53183   1
   13  Netlength: 14.46   diff(%): 18.53183   1
   14  Netlength: 12.20   diff(%): 18.53183   1
   15  Netlength: 10.29   diff(%): 18.53183   1
   16  Netlength: 8.68   diff(%): 18.53183   1
   17  Netlength: 7.33   diff(%): 18.53183   1
   18  Netlength: 6.18   diff(%): 18.53183   1
   19  Netlength: 5.21   diff(%): 18.53183   1
   20  Netlength: 4.40   diff(%): 18.53183   1
   21  Netlength: 3.71   diff(%): 18.53183   1
   22  Netlength: 3.13   diff(%): 18.53183   1
   23  Netlength: 2.64   diff(%): 18.53183   1
   24  Netlength: 2.23   diff(%): 18.53183   1
   25  Netlength: 1.88   diff(%): 18.53183   1
   26  Netlength: 1.59   diff(%): 18.53183   1
   27  Netlength: 1.34   diff(%): 18.53183   1
   28  Netlength: 1.13   diff(%): 18.53183   1
   29  Netlength: 0.95   diff(%): 18.53183   1
   30  Netlength: 0.80   diff(%): 18.53183   1
   31  Netlength: 0.68   diff(%): 18.53183   1
   32  Netlength: 0.57   diff(%): 18.53183   1
   33  Netlength: 0.48   diff(%): 18.53183   1
   34  Netlength: 0.41   diff(%): 18.53183   1
   35  Netlength: 0.34   diff(%): 18.53183   1
   36  Netlength: 0.29   diff(%): 18.53183   1
   37  Netlength: 0.24   diff(%): 18.53183   1
   38  Netlength: 0.21   diff(%): 18.53183   1
   39  Netlength: 0.17   diff(%): 18.53183   1
   40  Netlength: 0.15   diff(%): 18.53183   1
   41  Netlength: 0.12   diff(%): 18.53183   1
   42  Netlength: 0.10   diff(%): 18.53183   1
   43  Netlength: 0.09   diff(%): 18.53183   1
   44  Netlength: 0.07   diff(%): 18.53183   1
   45  Netlength: 0.06   diff(%): 18.53183   1
   46  Netlength: 0.05   diff(%): 18.53183   1
   47  Netlength: 0.04   diff(%): 18.53183   1
   48  Netlength: 0.04   diff(%): 18.53183   1
   49  Netlength: 0.03   diff(%): 18.53183   1
   50  Netlength: 0.03   diff(%): 18.53183   1
   51  Netlength: 0.02   diff(%): 18.53183   1
   52  Netlength: 0.02   diff(%): 18.53183   1
   53  Netlength: 0.02   diff(%): 18.53183   1
   54  Netlength: 0.01   diff(%): 18.53183   1
   55  Netlength: 0.01   diff(%): 18.53183   1
   56  Netlength: 0.01   diff(%): 18.53183   1
   57  Netlength: 0.01   diff(%): 18.53183   1
   58  Netlength: 0.01   diff(%): 18.53183   1
   59  Netlength: 0.01   diff(%): 18.53183   1
   60  Netlength: 0.00   diff(%): 18.53183   1
   61  Netlength: 0.00   diff(%): 18.53183   1
   62  Netlength: 0.00   diff(%): 18.53183   1
   63  Netlength: 0.00   diff(%): 18.53183   1
   64  Netlength: 0.00   diff(%): 18.53183   1
   65  Netlength: 0.00   diff(%): 18.53183   1
   66  Netlength: 0.00   diff(%): 18.53183   1
   67  Netlength: 0.00   diff(%): 18.53183   1
   68  Netlength: 0.00   diff(%): 18.53183   1
   69  Netlength: 0.00   diff(%): 18.53183   1
   70  Netlength: 0.00   diff(%): 18.53183   1
   71  Netlength: 0.00   diff(%): 18.53183   1
   72  Netlength: 0.00   diff(%): 18.53183   1
   73  Netlength: 0.00   diff(%): 18.53183   1
   74  Netlength: 0.00   diff(%): 18.53183   1
   75  Netlength: 0.00   diff(%): 18.53183   1
   76  Netlength: 0.00   diff(%): 18.53183   1
   77  Netlength: 0.00   diff(%): 18.53183   1
   78  Netlength: 0.00   diff(%): 18.53183   1
   79  Netlength: 0.00   diff(%): 18.53183   1
   80  Netlength: 0.00   diff(%): 18.53183   1
   81  Netlength: 0.00   diff(%): 18.53183   1
   82  Netlength: 0.00   diff(%): 18.53183   1
   83  Netlength: 0.00   diff(%): 18.53183   1
   84  Netlength: 0.00   diff(%): 18.53183   1
   85  Netlength: 0.00   diff(%): 18.53183   1
   86  Netlength: 0.00   diff(%): 18.53183   1
   87  Netlength: 0.00   diff(%): 18.53183   1
   88  Netlength: 0.00   diff(%): 18.53183   1
   89  Netlength: 0.00   diff(%): 18.53183   1
   90  Netlength: 0.00   diff(%): 18.53182   1
   91  Netlength: 0.00   diff(%): 18.53183   1
   92  Netlength: 0.00   diff(%): 18.53183   1
   93  Netlength: 0.00   diff(%): 18.53183   1
   94  Netlength: 0.00   diff(%): 18.53183   1
   95  Netlength: 0.00   diff(%): 18.53182   1
   96  Netlength: 0.00   diff(%): 18.53183   1
   97  Netlength: 0.00   diff(%): 18.53183   1
   98  Netlength: 0.00   diff(%): 18.53181   1
   99  Netlength: 0.00   diff(%): 18.53183   1
  100  Netlength: 0.00   diff(%): 18.53182   1
  101  Netlength: 0.00   diff(%): 18.53184   1
  102  Netlength: 0.00   diff(%): 18.53183   1
  103  Netlength: 0.00   diff(%): 18.53181   1
  104  Netlength: 0.00   diff(%): 18.53183   1
  105  Netlength: 0.00   diff(%): 18.53182   1
  106  Netlength: 0.00   diff(%): 18.53180   1
  107  Netlength: 0.00   diff(%): 18.53187   1
  108  Netlength: 0.00   diff(%): 18.53177   1
  109  Netlength: 0.00   diff(%): 18.53190   1
  110  Netlength: 0.00   diff(%): 18.53169   1
  111  Netlength: 0.00   diff(%): 18.53196   1
  112  Netlength: 0.00   diff(%): 18.53164   1
  113  Netlength: 0.00   diff(%): 18.53189   1
  114  Netlength: 0.00   diff(%): 18.53188   1
  115  Netlength: 0.00   diff(%): 18.53194   1
  116  Netlength: 0.00   diff(%): 18.53189   1
  117  Netlength: 0.00   diff(%): 18.53176   1
  118  Netlength: 0.00   diff(%): 18.53199   1
  119  Netlength: 0.00   diff(%): 18.53170   1
  120  Netlength: 0.00   diff(%): 18.53157   1
  121  Netlength: 0.00   diff(%): 18.53205   1
  122  Netlength: 0.00   diff(%): 18.53195   1
  123  Netlength: 0.00   diff(%): 18.53222   1
  124  Netlength: 0.00   diff(%): 18.53095   1
  125  Netlength: 0.00   diff(%): 18.53229   1
  126  Netlength: 0.00   diff(%): 18.53198   1
  127  Netlength: 0.00   diff(%): 18.53159   1
  128  Netlength: 0.00   diff(%): 18.53264   1
  129  Netlength: 0.00   diff(%): 18.53161   1
  130  Netlength: 0.00   diff(%): 18.52974   1
  131  Netlength: 0.00   diff(%): 18.53577   1
  132  Netlength: 0.00   diff(%): 18.53090   1
  133  Netlength: 0.00   diff(%): 18.52650   1
  134  Netlength: 0.00   diff(%): 18.53685   1
  135  Netlength: 0.00   diff(%): 18.52615   1
  136  Netlength: 0.00   diff(%): 18.53968   1
  137  Netlength: 0.00   diff(%): 18.52856   1
  138  Netlength: 0.00   diff(%): 18.53851   1
  139  Netlength: 0.00   diff(%): 18.53074   1
  140  Netlength: 0.00   diff(%): 18.52710   1
  141  Netlength: 0.00   diff(%): 18.53142   1
  142  Netlength: 0.00   diff(%): 18.56143   1
  143  Netlength: 0.00   diff(%): 18.50317   1
  144  Netlength: 0.00   diff(%): 18.52454   1
  145  Netlength: 0.00   diff(%): 18.52933   1
  146  Netlength: 0.00   diff(%): 18.54673   1
  147  Netlength: 0.00   diff(%): 18.54042   1
  148  Netlength: 0.00   diff(%): 18.51325   1
  149  Netlength: 0.00   diff(%): 18.52076   1
  150  Netlength: 0.00   diff(%): 18.53523   1
  151  Netlength: 0.00   diff(%): 18.49607   1
  152  Netlength: 0.00   diff(%): 18.64098   1
  153  Netlength: 0.00   diff(%): 18.36622   1
  154  Netlength: 0.00   diff(%): 18.57313   1
  155  Netlength: 0.00   diff(%): 18.38623   1
  156  Netlength: 0.00   diff(%): 18.84852   1
  157  Netlength: 0.00   diff(%): 18.73336   1
  158  Netlength: 0.00   diff(%): 18.00868   1
  159  Netlength: 0.00   diff(%): 18.94088   1
  160  Netlength: 0.00   diff(%): 18.17099   1
  161  Netlength: 0.00   diff(%): 18.52159   1
  162  Netlength: 0.00   diff(%): 18.59732   1
  163  Netlength: 0.00   diff(%): 18.66745   1
  164  Netlength: 0.00   diff(%): 18.37554   1
  165  Netlength: 0.00   diff(%): 19.49405   1
  166  Netlength: 0.00   diff(%): 18.65803   1
  167  Netlength: 0.00   diff(%): 16.87686   1
  168  Netlength: 0.00   diff(%): 17.96051   1
  169  Netlength: 0.00   diff(%): 20.22764   1
  170  Netlength: 0.00   diff(%): 19.09373   1
  171  Netlength: 0.00   diff(%): 21.10694   1
  172  Netlength: 0.00   diff(%): 12.74458   1
  173  Netlength: 0.00   diff(%): 17.01733   1
  174  Netlength: 0.00   diff(%): 7.66156   1
  175  Netlength: 0.00   diff(%): 18.84402   1
  176  Netlength: 0.00   diff(%): 10.30568   1
  177  Netlength: 0.00   diff(%): 10.09615   1
  178  Netlength: 0.00   diff(%): 8.90052   1
  179  Netlength: 0.00   diff(%): 10.40462   1
  180  Netlength: 0.00   diff(%): 6.65845   1
  181  Netlength: 0.00   diff(%): 0.00000   1
  182  Netlength: 0.00   diff(%): 0.00000   2

Time (s):       0.134

CPE Component Statistics:
         AND        21        47%
         XOR         1         2%
        MX4a         3         6%
       ADDF2        18        40%
      Route1         1         2%
              --------
Sum of COMB:        44

           D        17        85%
       C_0_1         3        15%
              --------
Sum of SEQ:         20

Sum of all:         64

Time (s):       0.435

3 Adder Chains inserted

Netlength after adder insertion: 265.00

Time (s):       0.444

CPE input statistics:
Fanin:  1 count:      2   CPE %:  6.9
Fanin:  2 count:      4   CPE %: 13.8
Fanin:  3 count:      9   CPE %: 31.0
Fanin:  4 count:      8   CPE %: 27.6
Fanin:  5 count:      0   CPE %:  0.0
Fanin:  6 count:      1   CPE %:  3.4
Fanin:  7 count:      5   CPE %: 17.2
Average:  3.79
Number of Netlist Components:    29
Number of Inputs:   110

ROUTER started
Number of usable Bridges using OUT2: 20459
Number of Bridges to insert: 2


Netlength after Bridge Insert:        296

Time (s):       0.884

Preroute fixed connections
.
FanOut statistics:
FO:      1 count:     14   37.8 %      connect count:     14   12.2 %  cumulated:     14   12.2 %
FO:      2 count:      7   18.9 %      connect count:     14   12.2 %  cumulated:     28   24.3 %
FO:      3 count:      7   18.9 %      connect count:     21   18.3 %  cumulated:     49   42.6 %
FO:      4 count:      3    8.1 %      connect count:     12   10.4 %  cumulated:     61   53.0 %
FO:      5 count:      1    2.7 %      connect count:      5    4.3 %  cumulated:     66   57.4 %
FO:      6 count:      1    2.7 %      connect count:      6    5.2 %  cumulated:     72   62.6 %
FO:      8 count:      1    2.7 %      connect count:      8    7.0 %  cumulated:     80   69.6 %
FO:     11 count:      2    5.4 %      connect count:     22   19.1 %  cumulated:    102   88.7 %
FO:     13 count:      1    2.7 %      connect count:     13   11.3 %  cumulated:    115  100.0 %
Number of Outputs:    37
Average FanOut:     3.10

FanIn statistics:
FI:      1 count:      4   12.9 %      connect count:      4    3.6 %  cumulated:      4    3.6 %
FI:      2 count:      4   12.9 %      connect count:      8    7.1 %  cumulated:     12   10.7 %
FI:      3 count:      9   29.0 %      connect count:     27   24.1 %  cumulated:     39   34.8 %
FI:      4 count:      8   25.8 %      connect count:     32   28.6 %  cumulated:     71   63.4 %
FI:      6 count:      1    3.2 %      connect count:      6    5.4 %  cumulated:     77   68.8 %
FI:      7 count:      5   16.1 %      connect count:     35   31.3 %  cumulated:    112  100.0 %
Number of Inputs:    31
Average FanIn:     3.61

Time (s):       0.929
.......

Route statistics:   MUX/Con: 1.04   not routed: 26   Ripups: 0
mode:1
.

Route statistics:   MUX/Con: 1.02   not routed: 24   Ripups: 0
mode:2
..

Route statistics:   MUX/Con: 1.30   not routed: 0   Ripups: 0
mode:3

Time (s):       0.942

Time (s):       0.980


SDF Generation

Time (s):       1.014

Static Timing Analysis
Longest Path from Q of Component 15_1 to D-Input of Component 14/2 Delay: 5156 ps
Maximum Clock Frequency on CLK 43 (43/1):  193.95 MHz

Path details:
     15_1 x67y115    CLK -> Q                                                         CPE-del:   453 ps   path-del:   453 ps
     15_1 x67y115  ->      27/1 x69y117 C_ADDF2///ADDF2/        route-del:  1619 ps   CPE-del:   514 ps   path-del:  2587 ps
     27_4 x69y117  ->     29/13 x69y118 C_ADDF2///ADDF2/        route-del:     0 ps   CPE-del:   484 ps   path-del:  3047 ps
     29_1 x69y118  ->      14/2 x67y118 C_AND/D//AND/D          route-del:  1282 ps   CPE-del:   514 ps   path-del:  4842 ps
                           14/2 x67y118  Setup D                route-del:   100 ps                       path-del:  4942 ps
15/9 x67y115 - 14/9 x67y118       Clk-Skew                      route-del:   220 ps                       path-del:  5156 ps


Time (s):       1.015





Time (s):       1.027


SDF Generation

Time (s):       1.064

Static Timing Analysis

Skew violation report using only 80% delay of data path

No critical Skew found

Longest Path from Q of Component 15_1 to D-Input of Component 14/2 Delay: 5156 ps
Maximum Clock Frequency on CLK 43 (43/1):  193.95 MHz

Path details:
     15_1 x67y115    CLK -> Q                                                         CPE-del:   453 ps   path-del:   453 ps
     15_1 x67y115  ->      27/1 x69y117 C_ADDF2///ADDF2/        route-del:  1619 ps   CPE-del:   514 ps   path-del:  2587 ps
     27_4 x69y117  ->     29/13 x69y118 C_ADDF2///ADDF2/        route-del:     0 ps   CPE-del:   484 ps   path-del:  3047 ps
     29_1 x69y118  ->      14/2 x67y118 C_AND/D//AND/D          route-del:  1282 ps   CPE-del:   514 ps   path-del:  4842 ps
                           14/2 x67y118  Setup D                route-del:   100 ps                       path-del:  4942 ps
15/9 x67y115 - 14/9 x67y118       Clk-Skew                      route-del:   220 ps                       path-del:  5156 ps



Longest Path from Q of Component 5 to Output via Output-Buffer 61 Delay: 4624 ps


Time (s):       1.065

Utilization Report

 CPEs                     32 /  20480  (  0.2 %)
 -----------------------------------------------
   CPE Config           25.0 /  20480  (  0.1 %)
     CPE4                 14
     CPE8                 18
     Bridges               2
   CPE Registers          17 /  40960  (  0.0 %)
     Flip-flops           17
     Latches               0

 Routing Resources
 -----------------------------------------------
   INMUX                 166 / 245760  (  0.1 %)
   OUTMUX                 10 /  40960  (  0.0 %)
   SB_BIG_MUX             95 / 324720  (  0.0 %)
   SB_SML_MUX             71 / 324720  (  0.0 %)

 GPIOs                     2 /    144  (  1.4 %)
 -----------------------------------------------
   Single-ended            2 /    144  (  1.4 %)
     IBF                   1
     OBF                   1
     TOBF                  0
     IOBF                  0
   LVDS pairs              0 /     72  (  0.0 %)
     IBF                   0
     OBF                   0
     TOBF                  0
     IOBF                  0

 GPIO Registers            0 /    288  (  0.0 %)
 -----------------------------------------------
   FF_IBF                  0
   FF_OBF                  0
   IDDR                    0
   ODDR                    0

 Block RAMs              0.0 /     32  (  0.0 %)
 -----------------------------------------------
   BRAM_20K                0 /     64  (  0.0 %)
   BRAM_40K                0 /     32  (  0.0 %)
   FIFO_40K                0 /     32  (  0.0 %)

 PLLs                      0 /      4  (  0.0 %)
 GLBs                      1 /      4  ( 25.0 %)
 SerDes                    0 /      1  (  0.0 %)




Verilog Netlist Generation

before generate_netlist Time (s):       1.170



                        blink_00.vGatecount:     36



Time (s):       1.178

Generate SDF for fast simulation

CFG-File Generation

Time (s):       1.279

End of Place & Route
