
 /----------------------------------------------------------------------------\
 |  yosys -- Yosys Open SYnthesis Suite                                       |
 |  Copyright (C) 2012 - 2025  Claire Xenia Wolf <claire@yosyshq.com>         |
 |  Distributed under an ISC-like license, type "license" to see terms        |
 \----------------------------------------------------------------------------/
 Yosys 0.51 (git sha1 c4b519022, x86_64-w64-mingw32-g++ 13.2.0 -O3)

-- Running command `ghdl --warn-no-binding -C --ieee=synopsys src/blink.vhd -e blink; synth_gatemate -top blink -nomx8 -vlog net/blink_synth.v' --

1. Executing GHDL.
Importing module blink.

2. Executing SYNTH_GATEMATE pass.

2.1. Executing Verilog-2005 frontend: D:\Documents\NBU\Bachelors\docs\manufacturer\cc-toolchain-win\bin\yosys\share/gatemate/cells_sim.v
Parsing Verilog input from `D:\Documents\NBU\Bachelors\docs\manufacturer\cc-toolchain-win\bin\yosys\share/gatemate/cells_sim.v' to AST representation.
Generating RTLIL representation for module `\CC_IBUF'.
Generating RTLIL representation for module `\CC_OBUF'.
Generating RTLIL representation for module `\CC_TOBUF'.
Generating RTLIL representation for module `\CC_IOBUF'.
Generating RTLIL representation for module `\CC_LVDS_IBUF'.
Generating RTLIL representation for module `\CC_LVDS_OBUF'.
Generating RTLIL representation for module `\CC_LVDS_TOBUF'.
Generating RTLIL representation for module `\CC_LVDS_IOBUF'.
Generating RTLIL representation for module `\CC_IDDR'.
Generating RTLIL representation for module `\CC_ODDR'.
Generating RTLIL representation for module `\CC_DFF'.
Generating RTLIL representation for module `\CC_DLT'.
Generating RTLIL representation for module `\CC_LUT1'.
Generating RTLIL representation for module `\CC_LUT2'.
Generating RTLIL representation for module `\CC_LUT3'.
Generating RTLIL representation for module `\CC_LUT4'.
Generating RTLIL representation for module `\CC_MX2'.
Generating RTLIL representation for module `\CC_MX4'.
Generating RTLIL representation for module `\CC_MX8'.
Generating RTLIL representation for module `\CC_ADDF'.
Generating RTLIL representation for module `\CC_MULT'.
Generating RTLIL representation for module `\CC_BUFG'.
Generating RTLIL representation for module `\CC_BRAM_20K'.
Generating RTLIL representation for module `\CC_BRAM_40K'.
Generating RTLIL representation for module `\CC_FIFO_40K'.
Generating RTLIL representation for module `\CC_L2T4'.
Generating RTLIL representation for module `\CC_L2T5'.
Successfully finished Verilog frontend.

2.2. Executing Verilog-2005 frontend: D:\Documents\NBU\Bachelors\docs\manufacturer\cc-toolchain-win\bin\yosys\share/gatemate/cells_bb.v
Parsing Verilog input from `D:\Documents\NBU\Bachelors\docs\manufacturer\cc-toolchain-win\bin\yosys\share/gatemate/cells_bb.v' to AST representation.
Generating RTLIL representation for module `\CC_PLL'.
Generating RTLIL representation for module `\CC_PLL_ADV'.
Generating RTLIL representation for module `\CC_SERDES'.
Generating RTLIL representation for module `\CC_CFG_CTRL'.
Generating RTLIL representation for module `\CC_USR_RSTN'.
Successfully finished Verilog frontend.

2.3. Executing HIERARCHY pass (managing design hierarchy).

2.3.1. Analyzing design hierarchy..
Top module:  \blink

2.3.2. Analyzing design hierarchy..
Top module:  \blink
Removed 0 unused modules.

2.4. Executing PROC pass (convert processes to netlists).

2.4.1. Executing PROC_CLEAN pass (remove empty switches from decision trees).
Cleaned up 0 empty switches.

2.4.2. Executing PROC_RMDEAD pass (remove dead branches from decision trees).
Removed a total of 0 dead cases.

2.4.3. Executing PROC_PRUNE pass (remove redundant assignments in processes).
Removed 0 redundant assignments.
Promoted 0 assignments to connections.

2.4.4. Executing PROC_INIT pass (extract init attributes).

2.4.5. Executing PROC_ARST pass (detect async resets in processes).

2.4.6. Executing PROC_ROM pass (convert switches to ROMs).
Converted 0 switches.

2.4.7. Executing PROC_MUX pass (convert decision trees to multiplexers).

2.4.8. Executing PROC_DLATCH pass (convert process syncs to latches).

2.4.9. Executing PROC_DFF pass (convert process syncs to FFs).

2.4.10. Executing PROC_MEMWR pass (convert process memory writes to cells).

2.4.11. Executing PROC_CLEAN pass (remove empty switches from decision trees).
Cleaned up 0 empty switches.

2.4.12. Executing OPT_EXPR pass (perform const folding).
Optimizing module blink.
<suppressed ~1 debug messages>

2.5. Executing FLATTEN pass (flatten design).

2.6. Executing TRIBUF pass.

2.7. Executing DEMINOUT pass (demote inout ports to input or output).

2.8. Executing OPT_EXPR pass (perform const folding).
Optimizing module blink.

2.9. Executing OPT_CLEAN pass (remove unused cells and wires).
Finding unused cells or wires in module \blink..
Removed 0 unused cells and 5 unused wires.
<suppressed ~1 debug messages>

2.10. Executing CHECK pass (checking for obvious problems).
Checking module blink...
Found and reported 0 problems.

2.11. Executing OPT pass (performing simple optimizations).

2.11.1. Executing OPT_EXPR pass (perform const folding).
Optimizing module blink.

2.11.2. Executing OPT_MERGE pass (detect identical cells).
Finding identical cells in module `\blink'.
<suppressed ~12 debug messages>
Removed a total of 4 cells.

2.11.3. Executing OPT_MUXTREE pass (detect dead branches in mux trees).
Running muxtree optimizer on module \blink..
  Creating internal representation of mux trees.
  Evaluating internal representation of mux trees.
  Analyzing evaluation results.
Removed 0 multiplexer ports.
<suppressed ~5 debug messages>

2.11.4. Executing OPT_REDUCE pass (consolidate $*mux and $reduce_* inputs).
  Optimizing cells in module \blink.
    New ctrl vector for $pmux cell \70: { $auto$ghdl.cc:807:import_module$17 $auto$ghdl.cc:807:import_module$7 $auto$opt_reduce.cc:137:opt_pmux$60 }
    New ctrl vector for $pmux cell \76: { $auto$ghdl.cc:807:import_module$17 $auto$ghdl.cc:807:import_module$7 }
    New ctrl vector for $pmux cell \79: $auto$ghdl.cc:807:import_module$1
  Optimizing cells in module \blink.
Performed a total of 3 changes.

2.11.5. Executing OPT_MERGE pass (detect identical cells).
Finding identical cells in module `\blink'.
<suppressed ~6 debug messages>
Removed a total of 2 cells.

2.11.6. Executing OPT_DFF pass (perform DFF optimizations).

2.11.7. Executing OPT_CLEAN pass (remove unused cells and wires).
Finding unused cells or wires in module \blink..
Removed 0 unused cells and 6 unused wires.
<suppressed ~1 debug messages>

2.11.8. Executing OPT_EXPR pass (perform const folding).
Optimizing module blink.

2.11.9. Rerunning OPT passes. (Maybe there is more to do..)

2.11.10. Executing OPT_MUXTREE pass (detect dead branches in mux trees).
Running muxtree optimizer on module \blink..
  Creating internal representation of mux trees.
  Evaluating internal representation of mux trees.
  Analyzing evaluation results.
Removed 0 multiplexer ports.
<suppressed ~5 debug messages>

2.11.11. Executing OPT_REDUCE pass (consolidate $*mux and $reduce_* inputs).
  Optimizing cells in module \blink.
    New ctrl vector for $pmux cell \75: { $auto$opt_reduce.cc:137:opt_pmux$62 $auto$ghdl.cc:807:import_module$1 }
  Optimizing cells in module \blink.
Performed a total of 1 changes.

2.11.12. Executing OPT_MERGE pass (detect identical cells).
Finding identical cells in module `\blink'.
Removed a total of 0 cells.

2.11.13. Executing OPT_DFF pass (perform DFF optimizations).

2.11.14. Executing OPT_CLEAN pass (remove unused cells and wires).
Finding unused cells or wires in module \blink..

2.11.15. Executing OPT_EXPR pass (perform const folding).
Optimizing module blink.

2.11.16. Rerunning OPT passes. (Maybe there is more to do..)

2.11.17. Executing OPT_MUXTREE pass (detect dead branches in mux trees).
Running muxtree optimizer on module \blink..
  Creating internal representation of mux trees.
  Evaluating internal representation of mux trees.
  Analyzing evaluation results.
Removed 0 multiplexer ports.
<suppressed ~5 debug messages>

2.11.18. Executing OPT_REDUCE pass (consolidate $*mux and $reduce_* inputs).
  Optimizing cells in module \blink.
Performed a total of 0 changes.

2.11.19. Executing OPT_MERGE pass (detect identical cells).
Finding identical cells in module `\blink'.
Removed a total of 0 cells.

2.11.20. Executing OPT_DFF pass (perform DFF optimizations).

2.11.21. Executing OPT_CLEAN pass (remove unused cells and wires).
Finding unused cells or wires in module \blink..

2.11.22. Executing OPT_EXPR pass (perform const folding).
Optimizing module blink.

2.11.23. Finished OPT passes. (There is nothing left to do.)

2.12. Executing FSM pass (extract and optimize FSM).

2.12.1. Executing FSM_DETECT pass (finding FSMs in design).
Not marking blink.data_reg as FSM state register:
    Users of register don't seem to benefit from recoding.
    Register has an initialization value.
Not marking blink.state as FSM state register:
    Register has an initialization value.
    Circuit seems to be self-resetting.

2.12.2. Executing FSM_EXTRACT pass (extracting FSM from design).

2.12.3. Executing FSM_OPT pass (simple optimizations of FSMs).

2.12.4. Executing OPT_CLEAN pass (remove unused cells and wires).
Finding unused cells or wires in module \blink..

2.12.5. Executing FSM_OPT pass (simple optimizations of FSMs).

2.12.6. Executing FSM_RECODE pass (re-assigning FSM state encoding).

2.12.7. Executing FSM_INFO pass (dumping all available information on FSM cells).

2.12.8. Executing FSM_MAP pass (mapping FSMs to basic logic).

2.13. Executing OPT pass (performing simple optimizations).

2.13.1. Executing OPT_EXPR pass (perform const folding).
Optimizing module blink.

2.13.2. Executing OPT_MERGE pass (detect identical cells).
Finding identical cells in module `\blink'.
Removed a total of 0 cells.

2.13.3. Executing OPT_MUXTREE pass (detect dead branches in mux trees).
Running muxtree optimizer on module \blink..
  Creating internal representation of mux trees.
  Evaluating internal representation of mux trees.
  Analyzing evaluation results.
Removed 0 multiplexer ports.
<suppressed ~5 debug messages>

2.13.4. Executing OPT_REDUCE pass (consolidate $*mux and $reduce_* inputs).
  Optimizing cells in module \blink.
Performed a total of 0 changes.

2.13.5. Executing OPT_MERGE pass (detect identical cells).
Finding identical cells in module `\blink'.
Removed a total of 0 cells.

2.13.6. Executing OPT_DFF pass (perform DFF optimizations).
Adding EN signal on \92 ($dff) from module blink (D = $auto$ghdl.cc:807:import_module$23, Q = \tx).
Adding EN signal on \91 ($dff) from module blink (D = 8'01010101, Q = \data_reg).
Adding EN signal on \89 ($dff) from module blink (D = $auto$ghdl.cc:807:import_module$26, Q = \bit_index).
Adding EN signal on \88 ($dff) from module blink (D = $auto$ghdl.cc:807:import_module$25, Q = \baud_counter).
Adding EN signal on \87 ($dff) from module blink (D = $auto$ghdl.cc:807:import_module$24, Q = \state).
Setting constant 1-bit at position 0 on $auto$ff.cc:266:slice$66 ($dffe) from module blink.
Setting constant 0-bit at position 1 on $auto$ff.cc:266:slice$66 ($dffe) from module blink.
Setting constant 1-bit at position 2 on $auto$ff.cc:266:slice$66 ($dffe) from module blink.
Setting constant 0-bit at position 3 on $auto$ff.cc:266:slice$66 ($dffe) from module blink.
Setting constant 1-bit at position 4 on $auto$ff.cc:266:slice$66 ($dffe) from module blink.
Setting constant 0-bit at position 5 on $auto$ff.cc:266:slice$66 ($dffe) from module blink.
Setting constant 1-bit at position 6 on $auto$ff.cc:266:slice$66 ($dffe) from module blink.
Setting constant 0-bit at position 7 on $auto$ff.cc:266:slice$66 ($dffe) from module blink.

2.13.7. Executing OPT_CLEAN pass (remove unused cells and wires).
Finding unused cells or wires in module \blink..
Removed 1 unused cells and 1 unused wires.
<suppressed ~2 debug messages>

2.13.8. Executing OPT_EXPR pass (perform const folding).
Optimizing module blink.
<suppressed ~3 debug messages>

2.13.9. Rerunning OPT passes. (Maybe there is more to do..)

2.13.10. Executing OPT_MUXTREE pass (detect dead branches in mux trees).
Running muxtree optimizer on module \blink..
  Creating internal representation of mux trees.
  Evaluating internal representation of mux trees.
  Analyzing evaluation results.
Removed 0 multiplexer ports.
<suppressed ~4 debug messages>

2.13.11. Executing OPT_REDUCE pass (consolidate $*mux and $reduce_* inputs).
  Optimizing cells in module \blink.
Performed a total of 0 changes.

2.13.12. Executing OPT_MERGE pass (detect identical cells).
Finding identical cells in module `\blink'.
<suppressed ~21 debug messages>
Removed a total of 7 cells.

2.13.13. Executing OPT_DFF pass (perform DFF optimizations).

2.13.14. Executing OPT_CLEAN pass (remove unused cells and wires).
Finding unused cells or wires in module \blink..
Removed 0 unused cells and 7 unused wires.
<suppressed ~1 debug messages>

2.13.15. Executing OPT_EXPR pass (perform const folding).
Optimizing module blink.
<suppressed ~2 debug messages>

2.13.16. Rerunning OPT passes. (Maybe there is more to do..)

2.13.17. Executing OPT_MUXTREE pass (detect dead branches in mux trees).
Running muxtree optimizer on module \blink..
  Creating internal representation of mux trees.
  Evaluating internal representation of mux trees.
  Analyzing evaluation results.
Removed 0 multiplexer ports.
<suppressed ~5 debug messages>

2.13.18. Executing OPT_REDUCE pass (consolidate $*mux and $reduce_* inputs).
  Optimizing cells in module \blink.
Performed a total of 0 changes.

2.13.19. Executing OPT_MERGE pass (detect identical cells).
Finding identical cells in module `\blink'.
Removed a total of 0 cells.

2.13.20. Executing OPT_DFF pass (perform DFF optimizations).

2.13.21. Executing OPT_CLEAN pass (remove unused cells and wires).
Finding unused cells or wires in module \blink..
Removed 0 unused cells and 2 unused wires.
<suppressed ~1 debug messages>

2.13.22. Executing OPT_EXPR pass (perform const folding).
Optimizing module blink.

2.13.23. Rerunning OPT passes. (Maybe there is more to do..)

2.13.24. Executing OPT_MUXTREE pass (detect dead branches in mux trees).
Running muxtree optimizer on module \blink..
  Creating internal representation of mux trees.
  Evaluating internal representation of mux trees.
  Analyzing evaluation results.
Removed 0 multiplexer ports.
<suppressed ~5 debug messages>

2.13.25. Executing OPT_REDUCE pass (consolidate $*mux and $reduce_* inputs).
  Optimizing cells in module \blink.
Performed a total of 0 changes.

2.13.26. Executing OPT_MERGE pass (detect identical cells).
Finding identical cells in module `\blink'.
Removed a total of 0 cells.

2.13.27. Executing OPT_DFF pass (perform DFF optimizations).

2.13.28. Executing OPT_CLEAN pass (remove unused cells and wires).
Finding unused cells or wires in module \blink..

2.13.29. Executing OPT_EXPR pass (perform const folding).
Optimizing module blink.

2.13.30. Finished OPT passes. (There is nothing left to do.)

2.14. Executing WREDUCE pass (reducing word size of cells).
Removed top 1 bits (of 3) from port B of cell blink.$auto$opt_dff.cc:195:make_patterns_logic$73 ($ne).
Removed top 20 bits (of 32) from port A of cell blink.\13 ($lt).
Removed top 20 bits (of 32) from port B of cell blink.\13 ($lt).
Converting cell blink.\13 ($lt) from signed to unsigned.
Removed top 1 bits (of 12) from port A of cell blink.\13 ($lt).
Removed top 1 bits (of 12) from port B of cell blink.\13 ($lt).
Removed top 21 bits (of 32) from port A of cell blink.\16 ($add).
Removed top 31 bits (of 32) from port B of cell blink.\16 ($add).
Removed top 21 bits (of 32) from port Y of cell blink.\16 ($add).
Removed top 2 bits (of 3) from port B of cell blink.\25 ($eq).
Removed top 28 bits (of 32) from port A of cell blink.\37 ($lt).
Removed top 28 bits (of 32) from port B of cell blink.\37 ($lt).
Converting cell blink.\37 ($lt) from signed to unsigned.
Removed top 1 bits (of 4) from port A of cell blink.\37 ($lt).
Removed top 1 bits (of 4) from port B of cell blink.\37 ($lt).
Removed top 29 bits (of 32) from port A of cell blink.\40 ($add).
Removed top 31 bits (of 32) from port B of cell blink.\40 ($add).
Removed top 29 bits (of 32) from port Y of cell blink.\40 ($add).
Removed top 1 bits (of 3) from port B of cell blink.\50 ($eq).
Removed top 1 bits (of 3) from port B of cell blink.\65 ($eq).
Removed top 1 bits (of 3) from port B of cell blink.$auto$opt_dff.cc:195:make_patterns_logic$85 ($ne).
Removed top 29 bits (of 32) from wire blink.$auto$ghdl.cc:807:import_module$11.
Removed top 21 bits (of 32) from wire blink.$auto$ghdl.cc:807:import_module$19.

2.15. Executing PEEPOPT pass (run peephole optimizers).

2.16. Executing OPT_CLEAN pass (remove unused cells and wires).
Finding unused cells or wires in module \blink..
Removed 0 unused cells and 2 unused wires.
<suppressed ~1 debug messages>

2.17. Executing MUXPACK pass ($mux cell cascades to $pmux).
Converted 0 (p)mux cells into 0 pmux cells.
<suppressed ~10 debug messages>

2.18. Executing SHARE pass (SAT-based resource sharing).

2.19. Executing TECHMAP pass (map to technology primitives).

2.19.1. Executing Verilog-2005 frontend: D:\Documents\NBU\Bachelors\docs\manufacturer\cc-toolchain-win\bin\yosys\share/cmp2lut.v
Parsing Verilog input from `D:\Documents\NBU\Bachelors\docs\manufacturer\cc-toolchain-win\bin\yosys\share/cmp2lut.v' to AST representation.
Generating RTLIL representation for module `\_90_lut_cmp_'.
Successfully finished Verilog frontend.

2.19.2. Continuing TECHMAP pass.
Using template $paramod$254ef1516958dd5ebf9155b08a85a11a24f732fb\_90_lut_cmp_ for cells of type $lt.
No more expansions possible.
<suppressed ~62 debug messages>

2.20. Executing OPT_EXPR pass (perform const folding).
Optimizing module blink.

2.21. Executing OPT_CLEAN pass (remove unused cells and wires).
Finding unused cells or wires in module \blink..
Removed 0 unused cells and 3 unused wires.
<suppressed ~1 debug messages>

2.22. Executing TECHMAP pass (map to technology primitives).

2.22.1. Executing Verilog-2005 frontend: D:\Documents\NBU\Bachelors\docs\manufacturer\cc-toolchain-win\bin\yosys\share/gatemate/mul_map.v
Parsing Verilog input from `D:\Documents\NBU\Bachelors\docs\manufacturer\cc-toolchain-win\bin\yosys\share/gatemate/mul_map.v' to AST representation.
Generating RTLIL representation for module `\$__MULMXN'.
Successfully finished Verilog frontend.

2.22.2. Continuing TECHMAP pass.
No more expansions possible.
<suppressed ~4 debug messages>

2.23. Executing ALUMACC pass (create $alu and $macc cells).
Extracting $alu and $macc cells in module blink:
  creating $macc model for \16 ($add).
  creating $macc model for \40 ($add).
  creating $alu model for $macc \40.
  creating $alu model for $macc \16.
  creating $alu model for \13 ($lt): new $alu
  creating $alu cell for \13: $auto$alumacc.cc:495:replace_alu$98
  creating $alu cell for \16: $auto$alumacc.cc:495:replace_alu$103
  creating $alu cell for \40: $auto$alumacc.cc:495:replace_alu$106
  created 3 $alu and 0 $macc cells.

2.24. Executing OPT pass (performing simple optimizations).

2.24.1. Executing OPT_EXPR pass (perform const folding).
Optimizing module blink.
<suppressed ~5 debug messages>

2.24.2. Executing OPT_MERGE pass (detect identical cells).
Finding identical cells in module `\blink'.
Removed a total of 0 cells.

2.24.3. Executing OPT_MUXTREE pass (detect dead branches in mux trees).
Running muxtree optimizer on module \blink..
  Creating internal representation of mux trees.
  Evaluating internal representation of mux trees.
  Analyzing evaluation results.
Removed 0 multiplexer ports.
<suppressed ~5 debug messages>

2.24.4. Executing OPT_REDUCE pass (consolidate $*mux and $reduce_* inputs).
  Optimizing cells in module \blink.
Performed a total of 0 changes.

2.24.5. Executing OPT_MERGE pass (detect identical cells).
Finding identical cells in module `\blink'.
Removed a total of 0 cells.

2.24.6. Executing OPT_DFF pass (perform DFF optimizations).

2.24.7. Executing OPT_CLEAN pass (remove unused cells and wires).
Finding unused cells or wires in module \blink..
Removed 0 unused cells and 1 unused wires.
<suppressed ~1 debug messages>

2.24.8. Executing OPT_EXPR pass (perform const folding).
Optimizing module blink.

2.24.9. Rerunning OPT passes. (Maybe there is more to do..)

2.24.10. Executing OPT_MUXTREE pass (detect dead branches in mux trees).
Running muxtree optimizer on module \blink..
  Creating internal representation of mux trees.
  Evaluating internal representation of mux trees.
  Analyzing evaluation results.
Removed 0 multiplexer ports.
<suppressed ~5 debug messages>

2.24.11. Executing OPT_REDUCE pass (consolidate $*mux and $reduce_* inputs).
  Optimizing cells in module \blink.
Performed a total of 0 changes.

2.24.12. Executing OPT_MERGE pass (detect identical cells).
Finding identical cells in module `\blink'.
Removed a total of 0 cells.

2.24.13. Executing OPT_DFF pass (perform DFF optimizations).

2.24.14. Executing OPT_CLEAN pass (remove unused cells and wires).
Finding unused cells or wires in module \blink..

2.24.15. Executing OPT_EXPR pass (perform const folding).
Optimizing module blink.

2.24.16. Finished OPT passes. (There is nothing left to do.)

2.25. Executing MEMORY pass.

2.25.1. Executing OPT_MEM pass (optimize memories).
Performed a total of 0 transformations.

2.25.2. Executing OPT_MEM_PRIORITY pass (removing unnecessary memory write priority relations).
Performed a total of 0 transformations.

2.25.3. Executing OPT_MEM_FEEDBACK pass (finding memory read-to-write feedback paths).

2.25.4. Executing MEMORY_BMUX2ROM pass (converting muxes to ROMs).

2.25.5. Executing MEMORY_DFF pass (merging $dff cells to $memrd).

2.25.6. Executing OPT_CLEAN pass (remove unused cells and wires).
Finding unused cells or wires in module \blink..

2.25.7. Executing MEMORY_SHARE pass (consolidating $memrd/$memwr cells).

2.25.8. Executing OPT_MEM_WIDEN pass (optimize memories where all ports are wide).
Performed a total of 0 transformations.

2.25.9. Executing OPT_CLEAN pass (remove unused cells and wires).
Finding unused cells or wires in module \blink..

2.25.10. Executing MEMORY_COLLECT pass (generating $mem cells).

2.26. Executing OPT_CLEAN pass (remove unused cells and wires).
Finding unused cells or wires in module \blink..

2.27. Executing MEMORY_LIBMAP pass (mapping memories to cells).

2.28. Executing TECHMAP pass (map to technology primitives).

2.28.1. Executing Verilog-2005 frontend: D:\Documents\NBU\Bachelors\docs\manufacturer\cc-toolchain-win\bin\yosys\share/gatemate/brams_map.v
Parsing Verilog input from `D:\Documents\NBU\Bachelors\docs\manufacturer\cc-toolchain-win\bin\yosys\share/gatemate/brams_map.v' to AST representation.
Generating RTLIL representation for module `\$__CC_BRAM_TDP_'.
Generating RTLIL representation for module `\$__CC_BRAM_SDP_'.
Successfully finished Verilog frontend.

2.28.2. Continuing TECHMAP pass.
No more expansions possible.
<suppressed ~4 debug messages>

2.29. Executing OPT pass (performing simple optimizations).

2.29.1. Executing OPT_EXPR pass (perform const folding).
Optimizing module blink.
<suppressed ~10 debug messages>

2.29.2. Executing OPT_MERGE pass (detect identical cells).
Finding identical cells in module `\blink'.
Removed a total of 0 cells.

2.29.3. Executing OPT_DFF pass (perform DFF optimizations).
Adding SRST signal on $auto$ff.cc:266:slice$78 ($dffe) from module blink (D = $auto$ghdl.cc:807:import_module$19, Q = \baud_counter, rval = 11'00000000000).
Adding SRST signal on $auto$ff.cc:266:slice$67 ($dffe) from module blink (D = $auto$ghdl.cc:807:import_module$16, Q = \bit_index, rval = 3'000).

2.29.4. Executing OPT_CLEAN pass (remove unused cells and wires).
Finding unused cells or wires in module \blink..
Removed 7 unused cells and 13 unused wires.
<suppressed ~8 debug messages>

2.29.5. Rerunning OPT passes. (Removed registers in this run.)

2.29.6. Executing OPT_EXPR pass (perform const folding).
Optimizing module blink.

2.29.7. Executing OPT_MERGE pass (detect identical cells).
Finding identical cells in module `\blink'.
Removed a total of 0 cells.

2.29.8. Executing OPT_DFF pass (perform DFF optimizations).

2.29.9. Executing OPT_CLEAN pass (remove unused cells and wires).
Finding unused cells or wires in module \blink..

2.29.10. Finished fast OPT passes.

2.30. Executing MEMORY_MAP pass (converting memories to logic and flip-flops).

2.31. Executing OPT pass (performing simple optimizations).

2.31.1. Executing OPT_EXPR pass (perform const folding).
Optimizing module blink.

2.31.2. Executing OPT_MERGE pass (detect identical cells).
Finding identical cells in module `\blink'.
Removed a total of 0 cells.

2.31.3. Executing OPT_MUXTREE pass (detect dead branches in mux trees).
Running muxtree optimizer on module \blink..
  Creating internal representation of mux trees.
  Evaluating internal representation of mux trees.
  Analyzing evaluation results.
Removed 0 multiplexer ports.
<suppressed ~2 debug messages>

2.31.4. Executing OPT_REDUCE pass (consolidate $*mux and $reduce_* inputs).
  Optimizing cells in module \blink.
    Consolidated identical input bits for $pmux cell \73:
      Old ports: A=3'000, B=12'000011010001, Y=$auto$ghdl.cc:807:import_module$24
      New ports: A=2'00, B=8'00111001, Y=$auto$ghdl.cc:807:import_module$24 [1:0]
      New connections: $auto$ghdl.cc:807:import_module$24 [2] = 1'0
    New ctrl vector for $pmux cell \73: { $auto$ghdl.cc:807:import_module$17 $auto$ghdl.cc:807:import_module$7 $auto$ghdl.cc:807:import_module$1 }
  Optimizing cells in module \blink.
Performed a total of 2 changes.

2.31.5. Executing OPT_MERGE pass (detect identical cells).
Finding identical cells in module `\blink'.
Removed a total of 0 cells.

2.31.6. Executing OPT_DFF pass (perform DFF optimizations).

2.31.7. Executing OPT_CLEAN pass (remove unused cells and wires).
Finding unused cells or wires in module \blink..

2.31.8. Executing OPT_EXPR pass (perform const folding).
Optimizing module blink.

2.31.9. Rerunning OPT passes. (Maybe there is more to do..)

2.31.10. Executing OPT_MUXTREE pass (detect dead branches in mux trees).
Running muxtree optimizer on module \blink..
  Creating internal representation of mux trees.
  Evaluating internal representation of mux trees.
  Analyzing evaluation results.
Removed 0 multiplexer ports.
<suppressed ~2 debug messages>

2.31.11. Executing OPT_REDUCE pass (consolidate $*mux and $reduce_* inputs).
  Optimizing cells in module \blink.
Performed a total of 0 changes.

2.31.12. Executing OPT_MERGE pass (detect identical cells).
Finding identical cells in module `\blink'.
Removed a total of 0 cells.

2.31.13. Executing OPT_DFF pass (perform DFF optimizations).
Setting constant 0-bit at position 2 on $auto$ff.cc:266:slice$81 ($dffe) from module blink.

2.31.14. Executing OPT_CLEAN pass (remove unused cells and wires).
Finding unused cells or wires in module \blink..

2.31.15. Executing OPT_EXPR pass (perform const folding).
Optimizing module blink.
<suppressed ~1 debug messages>

2.31.16. Rerunning OPT passes. (Maybe there is more to do..)

2.31.17. Executing OPT_MUXTREE pass (detect dead branches in mux trees).
Running muxtree optimizer on module \blink..
  Creating internal representation of mux trees.
  Evaluating internal representation of mux trees.
  Analyzing evaluation results.
Removed 0 multiplexer ports.
<suppressed ~2 debug messages>

2.31.18. Executing OPT_REDUCE pass (consolidate $*mux and $reduce_* inputs).
  Optimizing cells in module \blink.
Performed a total of 0 changes.

2.31.19. Executing OPT_MERGE pass (detect identical cells).
Finding identical cells in module `\blink'.
Removed a total of 0 cells.

2.31.20. Executing OPT_DFF pass (perform DFF optimizations).

2.31.21. Executing OPT_CLEAN pass (remove unused cells and wires).
Finding unused cells or wires in module \blink..

2.31.22. Executing OPT_EXPR pass (perform const folding).
Optimizing module blink.

2.31.23. Finished OPT passes. (There is nothing left to do.)

2.32. Executing TECHMAP pass (map to technology primitives).

2.32.1. Executing Verilog-2005 frontend: D:\Documents\NBU\Bachelors\docs\manufacturer\cc-toolchain-win\bin\yosys\share/techmap.v
Parsing Verilog input from `D:\Documents\NBU\Bachelors\docs\manufacturer\cc-toolchain-win\bin\yosys\share/techmap.v' to AST representation.
Generating RTLIL representation for module `\_90_simplemap_bool_ops'.
Generating RTLIL representation for module `\_90_simplemap_reduce_ops'.
Generating RTLIL representation for module `\_90_simplemap_logic_ops'.
Generating RTLIL representation for module `\_90_simplemap_compare_ops'.
Generating RTLIL representation for module `\_90_simplemap_various'.
Generating RTLIL representation for module `\_90_simplemap_registers'.
Generating RTLIL representation for module `\_90_shift_ops_shr_shl_sshl_sshr'.
Generating RTLIL representation for module `\_90_shift_shiftx'.
Generating RTLIL representation for module `\_90_fa'.
Generating RTLIL representation for module `\_90_lcu_brent_kung'.
Generating RTLIL representation for module `\_90_alu'.
Generating RTLIL representation for module `\_90_macc'.
Generating RTLIL representation for module `\_90_alumacc'.
Generating RTLIL representation for module `\$__div_mod_u'.
Generating RTLIL representation for module `\$__div_mod_trunc'.
Generating RTLIL representation for module `\_90_div'.
Generating RTLIL representation for module `\_90_mod'.
Generating RTLIL representation for module `\$__div_mod_floor'.
Generating RTLIL representation for module `\_90_divfloor'.
Generating RTLIL representation for module `\_90_modfloor'.
Generating RTLIL representation for module `\_90_pow'.
Generating RTLIL representation for module `\_90_pmux'.
Generating RTLIL representation for module `\_90_demux'.
Generating RTLIL representation for module `\_90_lut'.
Successfully finished Verilog frontend.

2.32.2. Executing Verilog-2005 frontend: D:\Documents\NBU\Bachelors\docs\manufacturer\cc-toolchain-win\bin\yosys\share/gatemate/arith_map.v
Parsing Verilog input from `D:\Documents\NBU\Bachelors\docs\manufacturer\cc-toolchain-win\bin\yosys\share/gatemate/arith_map.v' to AST representation.
Generating RTLIL representation for module `\_80_gatemate_alu'.
Successfully finished Verilog frontend.

2.32.3. Continuing TECHMAP pass.
Using extmapper simplemap for cells of type $reduce_or.
Using extmapper simplemap for cells of type $dffe.
Using extmapper simplemap for cells of type $reduce_bool.
Using extmapper simplemap for cells of type $reduce_and.
Using extmapper simplemap for cells of type $ne.
Using extmapper simplemap for cells of type $not.
Using extmapper simplemap for cells of type $logic_not.
Using template $paramod$2f5fb04daf2da94d981bf9455fa4454c6ec8b705\_80_gatemate_alu for cells of type $alu.
Using template $paramod$3ef7d3dd227da7627a99c5e5a6a4deb817573e39\_80_gatemate_alu for cells of type $alu.
Using extmapper simplemap for cells of type $eq.
Using extmapper simplemap for cells of type $sdffce.
Using template $paramod$c5c783b17ab1d780abfad8cfe6563a0a7b47a3b0\_90_pmux for cells of type $pmux.
Using template $paramod$97565c3687be688407d1272a293bd9d0ae6852dc\_90_pmux for cells of type $pmux.
Using extmapper simplemap for cells of type $mux.
Using extmapper simplemap for cells of type $lut.
Using template $paramod$dbcdc7e8aa1a4080cea2deda6fdc8772064f4d90\_80_gatemate_alu for cells of type $alu.
Using extmapper simplemap for cells of type $xor.
Using extmapper simplemap for cells of type $pos.
Using extmapper simplemap for cells of type $and.
No more expansions possible.
<suppressed ~213 debug messages>

2.33. Executing OPT pass (performing simple optimizations).

2.33.1. Executing OPT_EXPR pass (perform const folding).
Optimizing module blink.
<suppressed ~93 debug messages>

2.33.2. Executing OPT_MERGE pass (detect identical cells).
Finding identical cells in module `\blink'.
<suppressed ~42 debug messages>
Removed a total of 14 cells.

2.33.3. Executing OPT_DFF pass (perform DFF optimizations).

2.33.4. Executing OPT_CLEAN pass (remove unused cells and wires).
Finding unused cells or wires in module \blink..
Removed 13 unused cells and 118 unused wires.
<suppressed ~14 debug messages>

2.33.5. Finished fast OPT passes.

2.34. Executing IOPADMAP pass (mapping inputs/outputs to IO-PAD cells).
Mapping port blink.clk using CC_IBUF.
Mapping port blink.tx using CC_OBUF.

2.35. Executing OPT_CLEAN pass (remove unused cells and wires).
Finding unused cells or wires in module \blink..

2.36. Executing DFFLEGALIZE pass (convert FFs to types supported by the target).

2.37. Executing TECHMAP pass (map to technology primitives).

2.37.1. Executing Verilog-2005 frontend: D:\Documents\NBU\Bachelors\docs\manufacturer\cc-toolchain-win\bin\yosys\share/gatemate/reg_map.v
Parsing Verilog input from `D:\Documents\NBU\Bachelors\docs\manufacturer\cc-toolchain-win\bin\yosys\share/gatemate/reg_map.v' to AST representation.
Generating RTLIL representation for module `\$_DFFE_xxxx_'.
Generating RTLIL representation for module `\$_DLATCH_xxx_'.
Successfully finished Verilog frontend.

2.37.2. Continuing TECHMAP pass.
Using template $paramod$0ea0c0ecb89aa8a394fc59f557ec4597a0d47f80\$_DFFE_xxxx_ for cells of type $_DFFE_PP0P_.
Using template $paramod$7b2151c3bb8e318976eb0e31a556e245b4d15ccd\$_DFFE_xxxx_ for cells of type $_DFFE_PP0P_.
No more expansions possible.
<suppressed ~69 debug messages>

2.38. Executing OPT_EXPR pass (perform const folding).
Optimizing module blink.

2.39. Executing SIMPLEMAP pass (map simple cells to gate primitives).

2.40. Executing OPT_CLEAN pass (remove unused cells and wires).
Finding unused cells or wires in module \blink..
Removed 0 unused cells and 102 unused wires.
<suppressed ~1 debug messages>

2.41. Executing MUXCOVER pass (mapping to wider MUXes).
Covering MUX trees in module blink..
  Treeifying 19 MUXes:
    Found tree with 2 MUXes at root $techmap96\37.Y.
    Found tree with 1 MUXes at root $auto$rtlil.cc:2985:MuxGate$485.
    Found tree with 1 MUXes at root $auto$rtlil.cc:2985:MuxGate$487.
    Found tree with 1 MUXes at root $auto$rtlil.cc:2985:MuxGate$503.
    Found tree with 1 MUXes at root $auto$rtlil.cc:2985:MuxGate$501.
    Found tree with 1 MUXes at root \70.Y.
    Found tree with 1 MUXes at root $auto$rtlil.cc:2985:MuxGate$497.
    Found tree with 1 MUXes at root \73.Y [0].
    Found tree with 1 MUXes at root \73.Y [1].
    Found tree with 1 MUXes at root $auto$rtlil.cc:2985:MuxGate$483.
    Found tree with 1 MUXes at root $auto$rtlil.cc:2985:MuxGate$509.
    Found tree with 1 MUXes at root $auto$rtlil.cc:2985:MuxGate$489.
    Found tree with 1 MUXes at root $auto$rtlil.cc:2985:MuxGate$491.
    Found tree with 1 MUXes at root $auto$rtlil.cc:2985:MuxGate$507.
    Found tree with 1 MUXes at root $auto$rtlil.cc:2985:MuxGate$505.
    Found tree with 1 MUXes at root $auto$rtlil.cc:2985:MuxGate$499.
    Found tree with 1 MUXes at root $auto$rtlil.cc:2985:MuxGate$495.
    Found tree with 1 MUXes at root $auto$rtlil.cc:2985:MuxGate$493.
    Finished treeification: Found 18 trees.
  Covering trees:
    Replaced tree at $techmap96\37.Y: 2 MUX2, 0 MUX4, 0 MUX8, 0 MUX16
    Replaced tree at $auto$rtlil.cc:2985:MuxGate$485: 1 MUX2, 0 MUX4, 0 MUX8, 0 MUX16
    Replaced tree at $auto$rtlil.cc:2985:MuxGate$487: 1 MUX2, 0 MUX4, 0 MUX8, 0 MUX16
    Replaced tree at $auto$rtlil.cc:2985:MuxGate$503: 1 MUX2, 0 MUX4, 0 MUX8, 0 MUX16
    Replaced tree at $auto$rtlil.cc:2985:MuxGate$501: 1 MUX2, 0 MUX4, 0 MUX8, 0 MUX16
    Replaced tree at \70.Y: 1 MUX2, 0 MUX4, 0 MUX8, 0 MUX16
    Replaced tree at $auto$rtlil.cc:2985:MuxGate$497: 1 MUX2, 0 MUX4, 0 MUX8, 0 MUX16
    Replaced tree at \73.Y [0]: 1 MUX2, 0 MUX4, 0 MUX8, 0 MUX16
    Replaced tree at \73.Y [1]: 1 MUX2, 0 MUX4, 0 MUX8, 0 MUX16
    Replaced tree at $auto$rtlil.cc:2985:MuxGate$483: 1 MUX2, 0 MUX4, 0 MUX8, 0 MUX16
    Replaced tree at $auto$rtlil.cc:2985:MuxGate$509: 1 MUX2, 0 MUX4, 0 MUX8, 0 MUX16
    Replaced tree at $auto$rtlil.cc:2985:MuxGate$489: 1 MUX2, 0 MUX4, 0 MUX8, 0 MUX16
    Replaced tree at $auto$rtlil.cc:2985:MuxGate$491: 1 MUX2, 0 MUX4, 0 MUX8, 0 MUX16
    Replaced tree at $auto$rtlil.cc:2985:MuxGate$507: 1 MUX2, 0 MUX4, 0 MUX8, 0 MUX16
    Replaced tree at $auto$rtlil.cc:2985:MuxGate$505: 1 MUX2, 0 MUX4, 0 MUX8, 0 MUX16
    Replaced tree at $auto$rtlil.cc:2985:MuxGate$499: 1 MUX2, 0 MUX4, 0 MUX8, 0 MUX16
    Replaced tree at $auto$rtlil.cc:2985:MuxGate$495: 1 MUX2, 0 MUX4, 0 MUX8, 0 MUX16
    Replaced tree at $auto$rtlil.cc:2985:MuxGate$493: 1 MUX2, 0 MUX4, 0 MUX8, 0 MUX16
  Added a total of 0 decoder MUXes.
<suppressed ~323 debug messages>

2.42. Executing OPT pass (performing simple optimizations).

2.42.1. Executing OPT_EXPR pass (perform const folding).
Optimizing module blink.
<suppressed ~5 debug messages>

2.42.2. Executing OPT_MERGE pass (detect identical cells).
Finding identical cells in module `\blink'.
Removed a total of 0 cells.

2.42.3. Executing OPT_MUXTREE pass (detect dead branches in mux trees).
Running muxtree optimizer on module \blink..
  Creating internal representation of mux trees.
  No muxes found in this module.
Removed 0 multiplexer ports.

2.42.4. Executing OPT_REDUCE pass (consolidate $*mux and $reduce_* inputs).
  Optimizing cells in module \blink.
Performed a total of 0 changes.

2.42.5. Executing OPT_MERGE pass (detect identical cells).
Finding identical cells in module `\blink'.
Removed a total of 0 cells.

2.42.6. Executing OPT_SHARE pass.

2.42.7. Executing OPT_DFF pass (perform DFF optimizations).

2.42.8. Executing OPT_CLEAN pass (remove unused cells and wires).
Finding unused cells or wires in module \blink..

2.42.9. Executing OPT_EXPR pass (perform const folding).
Optimizing module blink.

2.42.10. Finished OPT passes. (There is nothing left to do.)

2.43. Executing SIMPLEMAP pass (map simple cells to gate primitives).

2.44. Executing TECHMAP pass (map to technology primitives).

2.44.1. Executing Verilog-2005 frontend: D:\Documents\NBU\Bachelors\docs\manufacturer\cc-toolchain-win\bin\yosys\share/gatemate/mux_map.v
Parsing Verilog input from `D:\Documents\NBU\Bachelors\docs\manufacturer\cc-toolchain-win\bin\yosys\share/gatemate/mux_map.v' to AST representation.
Generating RTLIL representation for module `\$_MUX8_'.
Generating RTLIL representation for module `\$_MUX4_'.
Successfully finished Verilog frontend.

2.44.2. Continuing TECHMAP pass.
No more expansions possible.
<suppressed ~4 debug messages>

2.45. Executing ABC pass (technology mapping using ABC).

2.45.1. Extracting gate netlist of module `\blink' to `<abc-temp-dir>/input.blif'..
Extracted 55 gates and 77 wires to a netlist network with 20 inputs and 21 outputs.

2.45.1.1. Executing ABC.
Running ABC command: "<yosys-exe-dir>/yosys-abc" -s -f <abc-temp-dir>/abc.script 2>&1
ABC: ABC command line: "source <abc-temp-dir>/abc.script".
ABC: 
ABC: + read_blif <abc-temp-dir>/input.blif 
ABC: + read_lut <abc-temp-dir>/lutdefs.txt 
ABC: + strash 
ABC: + &get -n 
ABC: + &fraig -x 
ABC: + &put 
ABC: + scorr 
ABC: Warning: The network is combinational (run "fraig" or "fraig_sweep").
ABC: + dc2 
ABC: + dretime 
ABC: + strash 
ABC: + dch -f 
ABC: + if 
ABC: + mfs2 
ABC: + lutpack -S 1 
ABC: + dress <abc-temp-dir>/input.blif 
ABC: Total number of equiv classes                =      21.
ABC: Participating nodes from both networks       =      49.
ABC: Participating nodes from the first network   =      22. (  95.65 % of nodes)
ABC: Participating nodes from the second network  =      27. ( 117.39 % of nodes)
ABC: Node pairs (any polarity)                    =      22. (  95.65 % of names can be moved)
ABC: Node pairs (same polarity)                   =      21. (  91.30 % of names can be moved)
ABC: Total runtime =     0.01 sec
ABC: + write_blif <abc-temp-dir>/output.blif 

2.45.1.2. Re-integrating ABC results.
ABC RESULTS:              $lut cells:       20
ABC RESULTS:        internal signals:       36
ABC RESULTS:           input signals:       20
ABC RESULTS:          output signals:       21
Removing temp directory.
Removed 0 unused cells and 70 unused wires.

2.46. Executing TECHMAP pass (map to technology primitives).

2.46.1. Executing Verilog-2005 frontend: D:\Documents\NBU\Bachelors\docs\manufacturer\cc-toolchain-win\bin\yosys\share/gatemate/lut_map.v
Parsing Verilog input from `D:\Documents\NBU\Bachelors\docs\manufacturer\cc-toolchain-win\bin\yosys\share/gatemate/lut_map.v' to AST representation.
Generating RTLIL representation for module `\$lut'.
Successfully finished Verilog frontend.

2.46.2. Continuing TECHMAP pass.
Using template $paramod$c5b694ec89d7629b942ccf6a9be1d39e24f8edec\$lut for cells of type $lut.
Using template $paramod\$lut\WIDTH=32'00000000000000000000000000000011\LUT=8'10110000 for cells of type $lut.
Using template $paramod\$lut\WIDTH=32'00000000000000000000000000000010\LUT=4'0110 for cells of type $lut.
Using template $paramod\$lut\WIDTH=32'00000000000000000000000000000011\LUT=8'10000000 for cells of type $lut.
Using template $paramod$7843e8c123bb8acf2cb35298776a29dcf1524827\$lut for cells of type $lut.
Using template $paramod$ee598ef97846e53ede062d34a0514409b6063d1f\$lut for cells of type $lut.
Using template $paramod\$lut\WIDTH=32'00000000000000000000000000000001\LUT=2'01 for cells of type $lut.
Using template $paramod\$lut\WIDTH=32'00000000000000000000000000000011\LUT=8'11010011 for cells of type $lut.
No more expansions possible.
<suppressed ~127 debug messages>
Removed 0 unused cells and 40 unused wires.

2.47. Executing CLKBUFMAP pass (inserting clock buffers).
Inserting CC_BUFG on blink.$iopadmap$clk[0].

2.48. Executing HIERARCHY pass (managing design hierarchy).
Attribute `top' found on module `blink'. Setting top module to blink.

2.48.1. Analyzing design hierarchy..
Top module:  \blink

2.48.2. Analyzing design hierarchy..
Top module:  \blink
Removed 0 unused modules.

2.49. Printing statistics.

=== blink ===

   Number of wires:                 48
   Number of wire bits:            148
   Number of public wires:          19
   Number of public wire bits:      62
   Number of ports:                  2
   Number of port bits:              2
   Number of memories:               0
   Number of memory bits:            0
   Number of processes:              0
   Number of cells:                 61
     CC_ADDF                        21
     CC_BUFG                         1
     CC_DFF                         17
     CC_IBUF                         1
     CC_LUT1                         1
     CC_LUT2                         1
     CC_LUT3                         5
     CC_LUT4                        13
     CC_OBUF                         1

2.50. Executing CHECK pass (checking for obvious problems).
Checking module blink...
Found and reported 0 problems.

2.51. Executing OPT_CLEAN pass (remove unused cells and wires).
Finding unused cells or wires in module \blink..
Removed 0 unused cells and 12 unused wires.
<suppressed ~12 debug messages>

2.52. Executing Verilog backend.

2.52.1. Executing BMUXMAP pass.

2.52.2. Executing DEMUXMAP pass.
Dumping module `\blink'.

End of script. Logfile hash: 5a58a9c4c4
Yosys 0.51 (git sha1 c4b519022, x86_64-w64-mingw32-g++ 13.2.0 -O3)
Time spent: 1% 26x opt_clean (0 sec), 1% 25x opt_expr (0 sec), ...
