GateMate (c) Place and Route
Version 4.2 (1 January 2025)
All Rights Reserved (c) Cologne Chip AG

Command line Options:
       h:  False
       i: net/blink_synth.v
       o:  blink
     mXA:   True
     mMA:   True
    Cinp:  False
   Coutp:  False
     cdf:   True
     pin:   True
     plc:   True
       s:   True
     cCP:  False
     gCP:  False
      AF:   True
      dC:   True
    uCIO:  False
      pB:       
      sp:  False
     crf:  False
       v:  False
      Gs:      0
      om:      3
      sf:    0.8
      dl:   True
      df:   True
   m_spi:      0
      pr:   True
     cgb:  False
    cgbc:  False
     cgo:      0
      tm:      3
      tp:      0
   s_spi:      0
     ics:  False
     lib:   ccag
     ccf: src/blink.ccf
   arcfg:  False
     app:  False

X_CONVERT Netlist Converter

Library Mode used: CCAG_GateMate
......................................................
203239 Lines read

found components:
        CC_LUT3      5291
        CC_LUT4      4457
        CC_LUT2      1012
        CC_LUT1        35
        CC_ADDF     15344
        CC_BUFG         1
         CC_DFF       203
         CC_MX4         8
        CC_IBUF         2
        CC_OBUF         2
        CC_MULT         1

REMOVE_UNUSED
         0 unused Components removed
REMOVE_BUF_INV
         0 BUF removed
         0 INV removed
REPLACE_LUTS
REPLACE_OTHERS
Number of inserted dummy components 0
3451 new components inserted
WRITE_REFCOMP
SAVE_NET

Conversion finished!
ASCII netlist generated: blink_x_convert.prn
Time (s):       5.849

Read blink.net

MAPPER started
#### Error: Exception Handler called. ExitCode: 112
Exception Class: ERangeError
